mode: atomic
github.com/psyb0t/gofindimpl/analysis.go:10.3,12.9 2 18
github.com/psyb0t/gofindimpl/analysis.go:12.9,14.3 1 3
github.com/psyb0t/gofindimpl/analysis.go:16.2,17.9 2 15
github.com/psyb0t/gofindimpl/analysis.go:17.9,19.3 1 0
github.com/psyb0t/gofindimpl/analysis.go:21.2,21.32 1 15
github.com/psyb0t/gofindimpl/analysis.go:21.32,23.3 1 1
github.com/psyb0t/gofindimpl/analysis.go:25.2,25.43 1 14
github.com/psyb0t/gofindimpl/analysis.go:25.43,27.3 1 4
github.com/psyb0t/gofindimpl/analysis.go:29.2,30.37 2 10
github.com/psyb0t/gofindimpl/analysis.go:33.60,37.2 2 17
github.com/psyb0t/gofindimpl/analysis.go:41.18,51.2 4 11
github.com/psyb0t/gofindimpl/finder.go:32.70,36.2 1 9
github.com/psyb0t/gofindimpl/finder.go:38.46,42.24 2 26
github.com/psyb0t/gofindimpl/finder.go:42.25,44.4 0 17
github.com/psyb0t/gofindimpl/finder.go:47.2,52.3 1 26
github.com/psyb0t/gofindimpl/finder.go:55.44,56.55 1 11
github.com/psyb0t/gofindimpl/finder.go:56.55,58.3 1 2
github.com/psyb0t/gofindimpl/finder.go:60.2,60.12 1 9
github.com/psyb0t/gofindimpl/finder.go:63.41,65.16 2 12
github.com/psyb0t/gofindimpl/finder.go:65.16,70.3 1 0
github.com/psyb0t/gofindimpl/finder.go:72.2,73.26 2 12
github.com/psyb0t/gofindimpl/finder.go:73.26,75.41 2 14
github.com/psyb0t/gofindimpl/finder.go:75.41,79.4 2 10
github.com/psyb0t/gofindimpl/finder.go:82.2,82.31 1 2
github.com/psyb0t/gofindimpl/finder.go:85.56,87.16 2 11
github.com/psyb0t/gofindimpl/finder.go:87.16,93.3 1 2
github.com/psyb0t/gofindimpl/finder.go:95.2,97.42 2 9
github.com/psyb0t/gofindimpl/finder.go:97.42,98.12 1 112
github.com/psyb0t/gofindimpl/finder.go:98.12,100.4 1 12
github.com/psyb0t/gofindimpl/finder.go:102.3,102.38 1 100
github.com/psyb0t/gofindimpl/finder.go:102.38,103.39 1 9
github.com/psyb0t/gofindimpl/finder.go:103.39,104.54 1 7
github.com/psyb0t/gofindimpl/finder.go:104.54,109.6 3 6
github.com/psyb0t/gofindimpl/finder.go:113.3,113.14 1 94
github.com/psyb0t/gofindimpl/finder.go:116.2,116.12 1 9
github.com/psyb0t/gofindimpl/finder.go:116.12,119.3 1 3
github.com/psyb0t/gofindimpl/finder.go:121.2,121.12 1 6
github.com/psyb0t/gofindimpl/finder.go:124.73,127.44 2 7
github.com/psyb0t/gofindimpl/finder.go:127.44,128.28 1 15
github.com/psyb0t/gofindimpl/finder.go:128.28,130.4 1 15
github.com/psyb0t/gofindimpl/finder.go:133.2,133.16 1 7
github.com/psyb0t/gofindimpl/finder.go:136.56,145.11 2 6
github.com/psyb0t/gofindimpl/finder.go:145.11,146.18 1 33
github.com/psyb0t/gofindimpl/finder.go:146.18,150.5 2 1
github.com/psyb0t/gofindimpl/finder.go:152.4,158.60 2 32
github.com/psyb0t/gofindimpl/finder.go:158.60,160.5 1 16
github.com/psyb0t/gofindimpl/finder.go:162.4,162.64 1 16
github.com/psyb0t/gofindimpl/finder.go:162.64,164.5 1 0
github.com/psyb0t/gofindimpl/finder.go:166.4,169.14 3 16
github.com/psyb0t/gofindimpl/finder.go:171.2,171.16 1 6
github.com/psyb0t/gofindimpl/finder.go:171.16,176.3 1 1
github.com/psyb0t/gofindimpl/finder.go:178.2,178.12 1 5
github.com/psyb0t/gofindimpl/finder.go:181.51,185.16 3 17
github.com/psyb0t/gofindimpl/finder.go:185.16,189.3 2 0
github.com/psyb0t/gofindimpl/finder.go:191.2,191.21 1 17
github.com/psyb0t/gofindimpl/finder.go:191.21,195.3 2 5
github.com/psyb0t/gofindimpl/finder.go:197.2,200.16 3 12
github.com/psyb0t/gofindimpl/finder.go:200.16,204.3 2 0
github.com/psyb0t/gofindimpl/finder.go:206.2,207.51 2 12
github.com/psyb0t/gofindimpl/finder.go:210.73,212.16 2 20
github.com/psyb0t/gofindimpl/finder.go:212.16,217.3 1 0
github.com/psyb0t/gofindimpl/finder.go:219.2,221.32 2 20
github.com/psyb0t/gofindimpl/finder.go:221.32,223.48 1 27
github.com/psyb0t/gofindimpl/finder.go:223.48,224.12 1 14
github.com/psyb0t/gofindimpl/finder.go:227.3,230.17 3 13
github.com/psyb0t/gofindimpl/finder.go:230.17,231.12 1 1
github.com/psyb0t/gofindimpl/finder.go:234.3,234.30 1 12
github.com/psyb0t/gofindimpl/finder.go:237.2,237.19 1 20
github.com/psyb0t/gofindimpl/finder.go:240.78,241.21 1 13
github.com/psyb0t/gofindimpl/finder.go:241.21,243.3 1 1
github.com/psyb0t/gofindimpl/finder.go:245.2,248.16 3 12
github.com/psyb0t/gofindimpl/finder.go:248.16,251.3 1 9
github.com/psyb0t/gofindimpl/finder.go:253.2,253.16 1 12
github.com/psyb0t/gofindimpl/finder.go:253.16,258.3 1 0
github.com/psyb0t/gofindimpl/finder.go:260.2,260.17 1 12
github.com/psyb0t/gofindimpl/finder.go:265.3,267.37 2 12
github.com/psyb0t/gofindimpl/finder.go:267.37,269.17 2 12
github.com/psyb0t/gofindimpl/finder.go:269.17,270.12 1 0
github.com/psyb0t/gofindimpl/finder.go:273.3,273.42 1 12
github.com/psyb0t/gofindimpl/finder.go:277.71,278.34 1 17
github.com/psyb0t/gofindimpl/finder.go:278.34,280.3 1 1
github.com/psyb0t/gofindimpl/finder.go:283.2,289.47 4 16
github.com/psyb0t/gofindimpl/finder.go:289.47,291.3 1 0
github.com/psyb0t/gofindimpl/finder.go:293.2,293.49 1 16
github.com/psyb0t/gofindimpl/finder.go:293.49,295.3 1 40
github.com/psyb0t/gofindimpl/finder.go:297.2,297.52 1 16
github.com/psyb0t/gofindimpl/finder.go:297.52,298.36 1 39
github.com/psyb0t/gofindimpl/finder.go:298.36,300.4 1 5
github.com/psyb0t/gofindimpl/finder.go:303.2,303.13 1 11
github.com/psyb0t/gofindimpl/finder.go:306.48,308.2 1 7
github.com/psyb0t/gofindimpl/main.go:16.19,17.22 1 3
github.com/psyb0t/gofindimpl/main.go:17.22,46.3 6 2
github.com/psyb0t/gofindimpl/main.go:49.38,50.11 1 6
github.com/psyb0t/gofindimpl/main.go:50.11,52.3 1 2
github.com/psyb0t/gofindimpl/main.go:54.2,54.24 1 4
github.com/psyb0t/gofindimpl/main.go:61.35,65.2 1 4
github.com/psyb0t/gofindimpl/main.go:67.70,72.16 1 9
github.com/psyb0t/gofindimpl/main.go:72.16,74.3 1 2
github.com/psyb0t/gofindimpl/main.go:76.2,78.51 2 7
github.com/psyb0t/gofindimpl/main.go:78.51,80.3 1 1
github.com/psyb0t/gofindimpl/main.go:82.2,82.48 1 6
github.com/psyb0t/gofindimpl/main.go:82.48,84.3 1 1
github.com/psyb0t/gofindimpl/main.go:86.2,86.61 1 5
github.com/psyb0t/gofindimpl/main.go:86.61,88.3 1 2
github.com/psyb0t/gofindimpl/main.go:90.2,95.56 2 3
github.com/psyb0t/gofindimpl/main.go:95.56,97.3 1 0
github.com/psyb0t/gofindimpl/main.go:99.2,108.16 4 3
github.com/psyb0t/gofindimpl/main.go:108.16,110.3 1 0
github.com/psyb0t/gofindimpl/main.go:112.2,112.51 1 3
github.com/psyb0t/gofindimpl/main.go:112.51,114.3 1 0
github.com/psyb0t/gofindimpl/main.go:116.2,116.55 1 3
github.com/psyb0t/gofindimpl/main.go:116.55,118.3 1 0
github.com/psyb0t/gofindimpl/main.go:120.2,120.12 1 3
github.com/psyb0t/gofindimpl/main.go:125.27,126.16 1 12
github.com/psyb0t/gofindimpl/main.go:126.16,128.3 1 1
github.com/psyb0t/gofindimpl/main.go:130.2,131.33 2 11
github.com/psyb0t/gofindimpl/main.go:131.33,133.3 1 2
github.com/psyb0t/gofindimpl/main.go:135.2,138.25 3 9
github.com/psyb0t/gofindimpl/main.go:138.25,140.3 1 2
github.com/psyb0t/gofindimpl/main.go:142.2,142.25 1 7
github.com/psyb0t/gofindimpl/main.go:142.25,144.3 1 2
github.com/psyb0t/gofindimpl/main.go:146.2,146.42 1 5
github.com/psyb0t/gofindimpl/main.go:149.13,181.11 5 2
github.com/psyb0t/gofindimpl/main.go:181.11,184.3 2 1
github.com/psyb0t/gofindimpl/main.go:186.2,189.16 2 1
github.com/psyb0t/gofindimpl/main.go:189.16,192.3 2 0
github.com/psyb0t/gofindimpl/main.go:194.2,200.76 2 1
github.com/psyb0t/gofindimpl/main.go:200.76,203.3 2 0
github.com/psyb0t/gofindimpl/validation.go:10.9,11.58 1 13
github.com/psyb0t/gofindimpl/validation.go:11.58,13.3 1 2
github.com/psyb0t/gofindimpl/validation.go:15.2,15.54 1 11
github.com/psyb0t/gofindimpl/validation.go:15.54,17.3 1 2
github.com/psyb0t/gofindimpl/validation.go:19.2,19.12 1 9
